
Collecting usage statistics. To deactivate, set browser.gatherUsageStats to false.

2026-09-20 17:50:22.827 Uvicorn server started on :::8501

  You can now view your Streamlit app in your browser.

  Local URL: http://localhost:8501
  Network URL: http://192.168.0.2:8501
  External URL: http://34.72.116.213:8501

2026-09-20 17:50:54.642 Uncaught app execution
Traceback (most recent call last):
  File "/home/jules/.pyenv/versions/3.12.13/lib/python3.12/site-packages/streamlit/runtime/scriptrunner/exec_code.py", line 136, in exec_func_with_error_handling
    result = func()
             ^^^^^^
  File "/home/jules/.pyenv/versions/3.12.13/lib/python3.12/site-packages/streamlit/runtime/scriptrunner/script_runner.py", line 907, in code_to_exec
    _mpa_v1(self._main_script_path)
  File "/home/jules/.pyenv/versions/3.12.13/lib/python3.12/site-packages/streamlit/runtime/scriptrunner/script_runner.py", line 170, in _mpa_v1
    page.run()
  File "/home/jules/.pyenv/versions/3.12.13/lib/python3.12/site-packages/streamlit/navigation/page.py", line 502, in run
    exec(code, module.__dict__)  # noqa: S102
    ^^^^^^^^^^^^^^^^^^^^^^^^^^^
  File "/app/app/pages/8_⚽_Formazione.py", line 15, in <module>
    from fantacalcio.persistence.ledger_store import get_db_path, load_events, DEFAULT_LEDGER_PATH
ImportError: cannot import name 'get_db_path' from 'fantacalcio.persistence.ledger_store' (/app/src/fantacalcio/persistence/ledger_store.py)
2026-09-20 17:51:31.903 Uncaught app execution
Traceback (most recent call last):
  File "/home/jules/.pyenv/versions/3.12.13/lib/python3.12/site-packages/streamlit/runtime/scriptrunner/exec_code.py", line 136, in exec_func_with_error_handling
    result = func()
             ^^^^^^
  File "/home/jules/.pyenv/versions/3.12.13/lib/python3.12/site-packages/streamlit/runtime/scriptrunner/script_runner.py", line 907, in code_to_exec
    _mpa_v1(self._main_script_path)
  File "/home/jules/.pyenv/versions/3.12.13/lib/python3.12/site-packages/streamlit/runtime/scriptrunner/script_runner.py", line 170, in _mpa_v1
    page.run()
  File "/home/jules/.pyenv/versions/3.12.13/lib/python3.12/site-packages/streamlit/navigation/page.py", line 502, in run
    exec(code, module.__dict__)  # noqa: S102
    ^^^^^^^^^^^^^^^^^^^^^^^^^^^
  File "/app/app/pages/8_⚽_Formazione.py", line 15, in <module>
    from fantacalcio.persistence.team_labels_store import load_labels_config, seed_missing_labels, get_team_labels
ImportError: cannot import name 'get_team_labels' from 'fantacalcio.persistence.team_labels_store' (/app/src/fantacalcio/persistence/team_labels_store.py)
2026-09-20 17:52:04.938 Uncaught app execution
Traceback (most recent call last):
  File "/home/jules/.pyenv/versions/3.12.13/lib/python3.12/site-packages/streamlit/runtime/scriptrunner/exec_code.py", line 136, in exec_func_with_error_handling
    result = func()
             ^^^^^^
  File "/home/jules/.pyenv/versions/3.12.13/lib/python3.12/site-packages/streamlit/runtime/scriptrunner/script_runner.py", line 907, in code_to_exec
    _mpa_v1(self._main_script_path)
  File "/home/jules/.pyenv/versions/3.12.13/lib/python3.12/site-packages/streamlit/runtime/scriptrunner/script_runner.py", line 170, in _mpa_v1
    page.run()
  File "/home/jules/.pyenv/versions/3.12.13/lib/python3.12/site-packages/streamlit/navigation/page.py", line 502, in run
    exec(code, module.__dict__)  # noqa: S102
    ^^^^^^^^^^^^^^^^^^^^^^^^^^^
  File "/app/app/pages/8_⚽_Formazione.py", line 16, in <module>
    from fantacalcio.persistence.player_table import get_player_table, search_players
ImportError: cannot import name 'get_player_table' from 'fantacalcio.persistence.player_table' (/app/src/fantacalcio/persistence/player_table.py)
2026-09-20 17:52:45.180 Uncaught app execution
Traceback (most recent call last):
  File "/home/jules/.pyenv/versions/3.12.13/lib/python3.12/site-packages/streamlit/runtime/scriptrunner/exec_code.py", line 136, in exec_func_with_error_handling
    result = func()
             ^^^^^^
  File "/home/jules/.pyenv/versions/3.12.13/lib/python3.12/site-packages/streamlit/runtime/scriptrunner/script_runner.py", line 907, in code_to_exec
    _mpa_v1(self._main_script_path)
  File "/home/jules/.pyenv/versions/3.12.13/lib/python3.12/site-packages/streamlit/runtime/scriptrunner/script_runner.py", line 170, in _mpa_v1
    page.run()
  File "/home/jules/.pyenv/versions/3.12.13/lib/python3.12/site-packages/streamlit/navigation/page.py", line 502, in run
    exec(code, module.__dict__)  # noqa: S102
    ^^^^^^^^^^^^^^^^^^^^^^^^^^^
  File "/app/app/pages/8_⚽_Formazione.py", line 32, in <module>
    ruleset = load_ruleset()
              ^^^^^^^^^^^^^^
TypeError: load_ruleset() missing 1 required positional argument: 'path'
